// Jest Snapshot v1, https://goo.gl/fbAQLP

exports[`<PackageSidebar /> : <LastSync /> should check the default props condition 1`] = `"<div class=\\"module releasesModule\\"><h2 class=\\"moduleTitle\\">Last Sync</h2><div><p class=\\"emptyPlaceholder\\">Not Available!</p></div></div>"`;

exports[`<PackageSidebar /> : <LastSync /> should load the LastSync component and match snapshot 1`] = `"<div class=\\"module releasesModule\\"><h2 class=\\"moduleTitle\\">Last Sync<span>2017/12/14, 15:43:52</span></h2><div><ul><li class=\\"last-sync-item\\"><span>2.7.1</span><span>2017/12/14, 15:43:27</span></li><li class=\\"last-sync-item\\"><span>2.7.0</span><span>2017/12/05, 23:25:06</span></li><li class=\\"last-sync-item\\"><span>2.6.6</span><span>2017/11/08, 22:47:16</span></li></ul></div></div>"`;
