// Jest Snapshot v1, https://goo.gl/fbAQLP

exports[`<PackageSidebar /> : <ModuleContentPlaceholder /> should load module component 1`] = `"<p class=\\"emptyPlaceholder\\">Test text</p>"`;
