// Jest Snapshot v1, https://goo.gl/fbAQLP

exports[`<Footer /> component should load the inital state of Footer component 1`] = `"<div class=\\"wrap\\"><footer class=\\"container footer false\\"><span>Made with&nbsp;</span><span>‚ù§</span><span>&nbsp;on</span><img class=\\"earth emoji\\" src=\\"[object Object]\\" alt=\\"Earth\\"><div class=\\"tooltip\\"><img src=\\"[object Object]\\" alt=\\"Brazil\\" title=\\"Brazil\\" class=\\"emoji\\"><img src=\\"[object Object]\\" alt=\\"China\\" title=\\"China\\" class=\\"emoji\\"><img src=\\"[object Object]\\" alt=\\"India\\" title=\\"India\\" class=\\"emoji\\"><img src=\\"[object Object]\\" alt=\\"Nicaragua\\" title=\\"Nicaragua\\" class=\\"emoji\\"><img src=\\"[object Object]\\" alt=\\"Pakistan\\" title=\\"Pakistan\\" class=\\"emoji\\"><img src=\\"[object Object]\\" alt=\\"Spain\\" title=\\"Spain\\" class=\\"emoji\\"></div><div class=\\"right\\">Powered by&nbsp;<a href=\\"http://www.verdaccio.org/\\"><img class=\\"logo\\" src=\\"[object Object]\\" alt=\\"Verdaccio\\" title=\\"Verdaccio\\"></a>&nbsp;/&nbsp;1.0.0</div></footer></div>"`;
