// Jest Snapshot v1, https://goo.gl/fbAQLP

exports[`<Header /> snapshot test shoud match snapshot 1`] = `"<header class=\\"header\\"><div class=\\"headerWrap\\"><a href=\\"/\\"><img src=\\"\\" class=\\"logo\\"></a><figure>npm set registry http://localhost<br>npm adduser --registry http://localhost</figure><div class=\\"headerRight\\"><button class=\\"el-button el-button--default headerButton header-button-login\\" type=\\"button\\"><span>Login</span></button></div></div><div><div style=\\"z-index: 1013; display: none;\\" class=\\"el-dialog__wrapper\\"><div style=\\"top: 15%;\\" class=\\"el-dialog el-dialog--tiny\\"><div class=\\"el-dialog__header\\"><span class=\\"el-dialog__title\\">Login</span><button type=\\"button\\" class=\\"el-dialog__headerbtn\\"><i class=\\"el-dialog__close el-icon el-icon-close\\"></i></button></div><form class=\\"el-form el-form--label-right login-form\\"><div class=\\"el-dialog__body\\"><br><div class=\\"el-input\\"><input type=\\"text\\" name=\\"username\\" placeholder=\\"Username\\" class=\\"el-input__inner\\" autocomplete=\\"off\\"></div><br><br><div class=\\"el-input\\"><input type=\\"password\\" name=\\"password\\" placeholder=\\"Type your password\\" class=\\"el-input__inner\\" autocomplete=\\"off\\"></div></div><div class=\\"el-dialog__footer dialog-footer\\"><button class=\\"el-button el-button--default cancel-login-button\\" type=\\"button\\"><span>Cancel</span></button><button class=\\"el-button el-button--default login-button\\" type=\\"submit\\"><span>Login</span></button></div></form></div></div><div class=\\"v-modal\\" style=\\"z-index: 1012; display: none;\\"></div></div></header>"`;
