// Jest Snapshot v1, https://goo.gl/fbAQLP

exports[`<NoItem /> component should set html from props 1`] = `"<div class=\\"noItems\\"><h2>This is a test string</h2></div>"`;
