// Jest Snapshot v1, https://goo.gl/fbAQLP

exports[`<PackageList /> component should load the component with packages 1`] = `"<div class=\\"package-list-items\\"><div class=\\"pkgContainer\\"><h1 class=\\"listTitle\\">Available Packages</h1><li><section class=\\"package\\"><a href=\\"detail/verdaccio\\"><div class=\\"header\\"><div class=\\"title\\"><h1>verdaccio <span class=\\"el-tag el-tag--gray\\">v1.0.0</span></h1></div><div role=\\"author\\" class=\\"author\\">By: Sam</div></div><div class=\\"footer\\"><p class=\\"description\\">Private NPM repository</p></div><div class=\\"details\\"><div class=\\"homepage\\">Published less than a minute ago</div><div class=\\"license\\"></div></div></a></section></li><li><section class=\\"package\\"><a href=\\"detail/abc\\"><div class=\\"header\\"><div class=\\"title\\"><h1>abc <span class=\\"el-tag el-tag--gray\\">v1.0.1</span></h1></div><div role=\\"author\\" class=\\"author\\">By: Rose</div></div><div class=\\"footer\\"><p class=\\"description\\">abc description</p></div><div class=\\"details\\"><div class=\\"homepage\\">Published less than a minute ago</div><div class=\\"license\\"></div></div></a></section></li><li><section class=\\"package\\"><a href=\\"detail/xyz\\"><div class=\\"header\\"><div class=\\"title\\"><h1>xyz <span class=\\"el-tag el-tag--gray\\">v1.1.0</span></h1></div><div role=\\"author\\" class=\\"author\\">By: Martin</div></div><div class=\\"footer\\"><p class=\\"description\\">xyz description</p></div><div class=\\"details\\"><div class=\\"homepage\\"></div><div class=\\"license\\"></div></div></a></section></li></div></div>"`;
