// Jest Snapshot v1, https://goo.gl/fbAQLP

exports[`<PackageDetail /> component should load the component 1`] = `"<div class=\\"pkgDetail\\"><h1 class=\\"title\\">Verdaccio</h1><div class=\\"readme\\"><div class=\\"markdown-body\\">Test readme</div></div></div>"`;
