// Jest Snapshot v1, https://goo.gl/fbAQLP

exports[`<Readme /> component should dangerously set html 1`] = `"<div class=\\"markdown-body\\"><h1>This is a test string</h1></div>"`;
